0 verbose cli /usr/local/bin/node /usr/local/bin/npm
1 info using npm@11.17.0
2 info using node@v24.19.0
3 silly config load:file:/usr/local/lib/node_modules/npm/npmrc
4 silly config load:file:/Users/pcartee/github/writing-samples/writing-samples/.npmrc
5 silly config load:file:/Users/pcartee/.npmrc
6 silly config load:file:/usr/local/etc/npmrc
7 verbose title npm install
8 verbose argv "install" "--legacy-peer-deps"
9 verbose logfile logs-max:10 dir:/Users/pcartee/github/writing-samples/writing-samples/.npm-cache/_logs/2026-08-07T20_16_40_729Z-
10 verbose logfile /Users/pcartee/github/writing-samples/writing-samples/.npm-cache/_logs/2026-08-07T20_16_40_729Z-debug-0.log
11 silly logfile done cleaning log files
12 silly packumentCache heap:4496293888 maxSize:1124073472 maxEntrySize:562036736
13 silly idealTree buildDeps
14 silly reify moves {}
15 silly audit bulk request {
15 silly audit   '@11ty/gray-matter': [ '1.0.0' ],
15 silly audit   '@algolia/abtesting': [ '1.22.0' ],
15 silly audit   '@algolia/autocomplete-core': [ '1.19.9', '1.19.2' ],
15 silly audit   '@algolia/autocomplete-plugin-algolia-insights': [ '1.19.9', '1.19.2' ],
15 silly audit   '@algolia/autocomplete-shared': [ '1.19.9', '1.19.2' ],
15 silly audit   '@algolia/client-abtesting': [ '5.56.0' ],
15 silly audit   '@algolia/client-analytics': [ '5.56.0' ],
15 silly audit   '@algolia/client-common': [ '5.56.0' ],
15 silly audit   '@algolia/client-insights': [ '5.56.0' ],
15 silly audit   '@algolia/client-personalization': [ '5.56.0' ],
15 silly audit   '@algolia/client-query-suggestions': [ '5.56.0' ],
15 silly audit   '@algolia/client-search': [ '5.56.0' ],
15 silly audit   '@algolia/events': [ '4.0.1' ],
15 silly audit   '@algolia/ingestion': [ '1.56.0' ],
15 silly audit   '@algolia/monitoring': [ '1.56.0' ],
15 silly audit   '@algolia/recommend': [ '5.56.0' ],
15 silly audit   '@algolia/requester-browser-xhr': [ '5.56.0' ],
15 silly audit   '@algolia/requester-fetch': [ '5.56.0' ],
15 silly audit   '@algolia/requester-node-http': [ '5.56.0' ],
15 silly audit   '@babel/code-frame': [ '7.29.7' ],
15 silly audit   '@babel/compat-data': [ '7.29.7' ],
15 silly audit   '@babel/core': [ '7.29.7' ],
15 silly audit   semver: [ '6.3.1', '7.8.5' ],
15 silly audit   '@babel/generator': [ '7.29.8' ],
15 silly audit   '@babel/helper-annotate-as-pure': [ '7.29.7' ],
15 silly audit   '@babel/helper-compilation-targets': [ '7.29.7' ],
15 silly audit   '@babel/helper-create-class-features-plugin': [ '7.29.7' ],
15 silly audit   '@babel/helper-create-regexp-features-plugin': [ '7.29.7' ],
15 silly audit   '@babel/helper-define-polyfill-provider': [ '0.6.8' ],
15 silly audit   '@babel/helper-globals': [ '7.29.7' ],
15 silly audit   '@babel/helper-member-expression-to-functions': [ '7.29.7' ],
15 silly audit   '@babel/helper-module-imports': [ '7.29.7' ],
15 silly audit   '@babel/helper-module-transforms': [ '7.29.7' ],
15 silly audit   '@babel/helper-optimise-call-expression': [ '7.29.7' ],
15 silly audit   '@babel/helper-plugin-utils': [ '7.29.7' ],
15 silly audit   '@babel/helper-remap-async-to-generator': [ '7.29.7' ],
15 silly audit   '@babel/helper-replace-supers': [ '7.29.7' ],
15 silly audit   '@babel/helper-skip-transparent-expression-wrappers': [ '7.29.7' ],
15 silly audit   '@babel/helper-string-parser': [ '7.29.7' ],
15 silly audit   '@babel/helper-validator-identifier': [ '7.29.7' ],
15 silly audit   '@babel/helper-validator-option': [ '7.29.7' ],
15 silly audit   '@babel/helper-wrap-function': [ '7.29.7' ],
15 silly audit   '@babel/helpers': [ '7.29.7' ],
15 silly audit   '@babel/parser': [ '7.29.8' ],
15 silly audit   '@babel/plugin-bugfix-firefox-class-in-computed-class-key': [ '7.29.7' ],
15 silly audit   '@babel/plugin-bugfix-safari-class-field-initializer-scope': [ '7.29.7' ],
15 silly audit   '@babel/plugin-bugfix-safari-id-destructuring-collision-in-function-expression': [ '7.29.7' ],
15 silly audit   '@babel/plugin-bugfix-safari-rest-destructuring-rhs-array': [ '7.29.7' ],
15 silly audit   '@babel/plugin-bugfix-v8-spread-parameters-in-optional-chaining': [ '7.29.7' ],
15 silly audit   '@babel/plugin-bugfix-v8-static-class-fields-redefine-readonly': [ '7.29.7' ],
15 silly audit   '@babel/plugin-proposal-private-property-in-object': [ '7.21.0-placeholder-for-preset-env.2' ],
15 silly audit   '@babel/plugin-syntax-dynamic-import': [ '7.8.3' ],
15 silly audit   '@babel/plugin-syntax-import-assertions': [ '7.29.7' ],
15 silly audit   '@babel/plugin-syntax-import-attributes': [ '7.29.7' ],
15 silly audit   '@babel/plugin-syntax-jsx': [ '7.29.7' ],
15 silly audit   '@babel/plugin-syntax-typescript': [ '7.29.7' ],
15 silly audit   '@babel/plugin-syntax-unicode-sets-regex': [ '7.18.6' ],
15 silly audit   '@babel/plugin-transform-arrow-functions': [ '7.29.7' ],
15 silly audit   '@babel/plugin-transform-async-generator-functions': [ '7.29.7' ],
15 silly audit   '@babel/plugin-transform-async-to-generator': [ '7.29.7' ],
15 silly audit   '@babel/plugin-transform-block-scoped-functions': [ '7.29.7' ],
15 silly audit   '@babel/plugin-transform-block-scoping': [ '7.29.7' ],
15 silly audit   '@babel/plugin-transform-class-properties': [ '7.29.7' ],
15 silly audit   '@babel/plugin-transform-class-static-block': [ '7.29.7' ],
15 silly audit   '@babel/plugin-transform-classes': [ '7.29.7' ],
15 silly audit   '@babel/plugin-transform-computed-properties': [ '7.29.7' ],
15 silly audit   '@babel/plugin-transform-destructuring': [ '7.29.7' ],
15 silly audit   '@babel/plugin-transform-dotall-regex': [ '7.29.7' ],
15 silly audit   '@babel/plugin-transform-duplicate-keys': [ '7.29.7' ],
15 silly audit   '@babel/plugin-transform-duplicate-named-capturing-groups-regex': [ '7.29.7' ],
15 silly audit   '@babel/plugin-transform-dynamic-import': [ '7.29.7' ],
15 silly audit   '@babel/plugin-transform-explicit-resource-management': [ '7.29.7' ],
15 silly audit   '@babel/plugin-transform-exponentiation-operator': [ '7.29.7' ],
15 silly audit   '@babel/plugin-transform-export-namespace-from': [ '7.29.7' ],
15 silly audit   '@babel/plugin-transform-for-of': [ '7.29.7' ],
15 silly audit   '@babel/plugin-transform-function-name': [ '7.29.7' ],
15 silly audit   '@babel/plugin-transform-json-strings': [ '7.29.7' ],
15 silly audit   '@babel/plugin-transform-literals': [ '7.29.7' ],
15 silly audit   '@babel/plugin-transform-logical-assignment-operators': [ '7.29.7' ],
15 silly audit   '@babel/plugin-transform-member-expression-literals': [ '7.29.7' ],
15 silly audit   '@babel/plugin-transform-modules-amd': [ '7.29.7' ],
15 silly audit   '@babel/plugin-transform-modules-commonjs': [ '7.29.7' ],
15 silly audit   '@babel/plugin-transform-modules-systemjs': [ '7.29.8' ],
15 silly audit   '@babel/plugin-transform-modules-umd': [ '7.29.7' ],
15 silly audit   '@babel/plugin-transform-named-capturing-groups-regex': [ '7.29.7' ],
15 silly audit   '@babel/plugin-transform-new-target': [ '7.29.7' ],
15 silly audit   '@babel/plugin-transform-nullish-coalescing-operator': [ '7.29.7' ],
15 silly audit   '@babel/plugin-transform-numeric-separator': [ '7.29.7' ],
15 silly audit   '@babel/plugin-transform-object-rest-spread': [ '7.29.7' ],
15 silly audit   '@babel/plugin-transform-object-super': [ '7.29.7' ],
15 silly audit   '@babel/plugin-transform-optional-catch-binding': [ '7.29.7' ],
15 silly audit   '@babel/plugin-transform-optional-chaining': [ '7.29.7' ],
15 silly audit   '@babel/plugin-transform-parameters': [ '7.29.7' ],
15 silly audit   '@babel/plugin-transform-private-methods': [ '7.29.7' ],
15 silly audit   '@babel/plugin-transform-private-property-in-object': [ '7.29.7' ],
15 silly audit   '@babel/plugin-transform-property-literals': [ '7.29.7' ],
15 silly audit   '@babel/plugin-transform-react-constant-elements': [ '7.29.7' ],
15 silly audit   '@babel/plugin-transform-react-display-name': [ '7.29.7' ],
15 silly audit   '@babel/plugin-transform-react-jsx': [ '7.29.7' ],
15 silly audit   '@babel/plugin-transform-react-jsx-development': [ '7.29.7' ],
15 silly audit   '@babel/plugin-transform-react-pure-annotations': [ '7.29.7' ],
15 silly audit   '@babel/plugin-transform-regenerator': [ '7.29.8' ],
15 silly audit   '@babel/plugin-transform-regexp-modifiers': [ '7.29.7' ],
15 silly audit   '@babel/plugin-transform-reserved-words': [ '7.29.7' ],
15 silly audit   '@babel/plugin-transform-runtime': [ '7.29.7' ],
15 silly audit   '@babel/plugin-transform-shorthand-properties': [ '7.29.7' ],
15 silly audit   '@babel/plugin-transform-spread': [ '7.29.8' ],
15 silly audit   '@babel/plugin-transform-sticky-regex': [ '7.29.7' ],
15 silly audit   '@babel/plugin-transform-template-literals': [ '7.29.7' ],
15 silly audit   '@babel/plugin-transform-typeof-symbol': [ '7.29.7' ],
15 silly audit   '@babel/plugin-transform-typescript': [ '7.29.7' ],
15 silly audit   '@babel/plugin-transform-unicode-escapes': [ '7.29.7' ],
15 silly audit   '@babel/plugin-transform-unicode-property-regex': [ '7.29.7' ],
15 silly audit   '@babel/plugin-transform-unicode-regex': [ '7.29.7' ],
15 silly audit   '@babel/plugin-transform-unicode-sets-regex': [ '7.29.7' ],
15 silly audit   '@babel/preset-env': [ '7.29.7' ],
15 silly audit   'babel-plugin-polyfill-corejs3': [ '0.14.2', '0.13.0' ],
15 silly audit   '@babel/preset-modules': [ '0.1.6-no-external-plugins' ],
15 silly audit   '@babel/preset-react': [ '7.29.7' ],
15 silly audit   '@babel/preset-typescript': [ '7.29.7' ],
15 silly audit   '@babel/runtime': [ '7.29.7' ],
15 silly audit   '@babel/template': [ '7.29.7' ],
15 silly audit   '@babel/traverse': [ '7.29.8' ],
15 silly audit   '@babel/types': [ '7.29.8' ],
15 silly audit   '@colors/colors': [ '1.5.0' ],
15 silly audit   '@csstools/cascade-layer-name-parser': [ '2.0.5' ],
15 silly audit   '@csstools/color-helpers': [ '5.1.0' ],
15 silly audit   '@csstools/css-calc': [ '2.1.4' ],
15 silly audit   '@csstools/css-color-parser': [ '3.1.0' ],
15 silly audit   '@csstools/css-parser-algorithms': [ '3.0.5' ],
15 silly audit   '@csstools/css-tokenizer': [ '3.0.4' ],
15 silly audit   '@csstools/media-query-list-parser': [ '4.0.3' ],
15 silly audit   '@csstools/postcss-alpha-function': [ '1.0.1' ],
15 silly audit   '@csstools/postcss-cascade-layers': [ '5.0.2' ],
15 silly audit   'postcss-selector-parser': [ '7.1.5', '6.1.4' ],
15 silly audit   '@csstools/postcss-color-function': [ '4.0.12' ],
15 silly audit   '@csstools/postcss-color-function-display-p3-linear': [ '1.0.1' ],
15 silly audit   '@csstools/postcss-color-mix-function': [ '3.0.12' ],
15 silly audit   '@csstools/postcss-color-mix-variadic-function-arguments': [ '1.0.2' ],
15 silly audit   '@csstools/postcss-content-alt-text': [ '2.0.8' ],
15 silly audit   '@csstools/postcss-contrast-color-function': [ '2.0.12' ],
15 silly audit   '@csstools/postcss-exponential-functions': [ '2.0.9' ],
15 silly audit   '@csstools/postcss-font-format-keywords': [ '4.0.0' ],
15 silly audit   '@csstools/postcss-gamut-mapping': [ '2.0.11' ],
15 silly audit   '@csstools/postcss-gradients-interpolation-method': [ '5.0.12' ],
15 silly audit   '@csstools/postcss-hwb-function': [ '4.0.12' ],
15 silly audit   '@csstools/postcss-ic-unit': [ '4.0.4' ],
15 silly audit   '@csstools/postcss-initial': [ '2.0.1' ],
15 silly audit   '@csstools/postcss-is-pseudo-class': [ '5.0.3' ],
15 silly audit   '@csstools/postcss-light-dark-function': [ '2.0.11' ],
15 silly audit   '@csstools/postcss-logical-float-and-clear': [ '3.0.0' ],
15 silly audit   '@csstools/postcss-logical-overflow': [ '2.0.0' ],
15 silly audit   '@csstools/postcss-logical-overscroll-behavior': [ '2.0.0' ],
15 silly audit   '@csstools/postcss-logical-resize': [ '3.0.0' ],
15 silly audit   '@csstools/postcss-logical-viewport-units': [ '3.0.4' ],
15 silly audit   '@csstools/postcss-media-minmax': [ '2.0.9' ],
15 silly audit   '@csstools/postcss-media-queries-aspect-ratio-number-values': [ '3.0.5' ],
15 silly audit   '@csstools/postcss-nested-calc': [ '4.0.0' ],
15 silly audit   '@csstools/postcss-normalize-display-values': [ '4.0.1' ],
15 silly audit   '@csstools/postcss-oklab-function': [ '4.0.12' ],
15 silly audit   '@csstools/postcss-position-area-property': [ '1.0.0' ],
15 silly audit   '@csstools/postcss-progressive-custom-properties': [ '4.2.1' ],
15 silly audit   '@csstools/postcss-property-rule-prelude-list': [ '1.0.0' ],
15 silly audit   '@csstools/postcss-random-function': [ '2.0.1' ],
15 silly audit   '@csstools/postcss-relative-color-syntax': [ '3.0.12' ],
15 silly audit   '@csstools/postcss-scope-pseudo-class': [ '4.0.1' ],
15 silly audit   '@csstools/postcss-sign-functions': [ '1.1.4' ],
15 silly audit   '@csstools/postcss-stepped-value-functions': [ '4.0.9' ],
15 silly audit   '@csstools/postcss-syntax-descriptor-syntax-production': [ '1.0.1' ],
15 silly audit   '@csstools/postcss-system-ui-font-family': [ '1.0.0' ],
15 silly audit   '@csstools/postcss-text-decoration-shorthand': [ '4.0.3' ],
15 silly audit   '@csstools/postcss-trigonometric-functions': [ '4.0.9' ],
15 silly audit   '@csstools/postcss-unset-value': [ '4.0.0' ],
15 silly audit   '@csstools/selector-resolve-nested': [ '3.1.0' ],
15 silly audit   '@csstools/selector-specificity': [ '5.0.0' ],
15 silly audit   '@csstools/utilities': [ '2.0.0' ],
15 silly audit   '@discoveryjs/json-ext': [ '0.5.7' ],
15 silly audit   '@docsearch/core': [ '4.7.0' ],
15 silly audit   '@docsearch/css': [ '4.7.0' ],
15 silly audit   '@docsearch/react': [ '4.7.0' ],
15 silly audit   '@docusaurus/babel': [ '3.10.2' ],
15 silly audit   '@docusaurus/bundler': [ '3.10.2' ],
15 silly audit   '@docusaurus/core': [ '3.10.2' ],
15 silly audit   'webpack-merge': [ '6.0.1', '5.10.0' ],
15 silly audit   '@docusaurus/cssnano-preset': [ '3.10.2' ],
15 silly audit   '@docusaurus/logger': [ '3.10.2' ],
15 silly audit   '@docusaurus/mdx-loader': [ '3.10.2' ],
15 silly audit   '@docusaurus/module-type-aliases': [ '3.10.2' ],
15 silly audit   '@docusaurus/plugin-content-blog': [ '3.10.2' ],
15 silly audit   '@docusaurus/plugin-content-docs': [ '3.10.2' ],
15 silly audit   '@docusaurus/plugin-content-pages': [ '3.10.2' ],
15 silly audit   '@docusaurus/plugin-css-cascade-layers': [ '3.10.2' ],
15 silly audit   '@docusaurus/plugin-debug': [ '3.10.2' ],
15 silly audit   '@docusaurus/plugin-google-analytics': [ '3.10.2' ],
15 silly audit   '@docusaurus/plugin-google-gtag': [ '3.10.2' ],
15 silly audit   '@docusaurus/plugin-google-tag-manager': [ '3.10.2' ],
15 silly audit   '@docusaurus/plugin-sitemap': [ '3.10.2' ],
15 silly audit   '@docusaurus/plugin-svgr': [ '3.10.2' ],
15 silly audit   '@docusaurus/preset-classic': [ '3.10.2' ],
15 silly audit   '@docusaurus/theme-classic': [ '3.10.2' ],
15 silly audit   '@docusaurus/theme-common': [ '3.10.2' ],
15 silly audit   '@docusaurus/theme-search-algolia': [ '3.10.2' ],
15 silly audit   '@docusaurus/theme-translations': [ '3.10.2' ],
15 silly audit   '@docusaurus/types': [ '3.10.2' ],
15 silly audit   '@docusaurus/utils': [ '3.10.2' ],
15 silly audit   '@docusaurus/utils-common': [ '3.10.2' ],
15 silly audit   '@docusaurus/utils-validation': [ '3.10.2' ],
15 silly audit   '@hapi/hoek': [ '9.3.0' ],
15 silly audit   '@hapi/topo': [ '5.1.0' ],
15 silly audit   '@jest/schemas': [ '29.6.3' ],
15 silly audit   '@jest/types': [ '29.6.3' ],
15 silly audit   '@jridgewell/gen-mapping': [ '0.3.13' ],
15 silly audit   '@jridgewell/remapping': [ '2.3.5' ],
15 silly audit   '@jridgewell/resolve-uri': [ '3.1.2' ],
15 silly audit   '@jridgewell/source-map': [ '0.3.11' ],
15 silly audit   '@jridgewell/sourcemap-codec': [ '1.5.5' ],
15 silly audit   '@jridgewell/trace-mapping': [ '0.3.31' ],
15 silly audit   '@jsonjoy.com/base64': [ '1.1.2', '17.67.0' ],
15 silly audit   '@jsonjoy.com/buffers': [ '17.67.0', '1.2.1' ],
15 silly audit   '@jsonjoy.com/codegen': [ '1.0.0', '17.67.0' ],
15 silly audit   '@jsonjoy.com/fs-core': [ '4.68.0' ],
15 silly audit   '@jsonjoy.com/fs-fsa': [ '4.68.0' ],
15 silly audit   '@jsonjoy.com/fs-node': [ '4.68.0' ],
15 silly audit   '@jsonjoy.com/fs-node-builtins': [ '4.68.0' ],
15 silly audit   '@jsonjoy.com/fs-node-to-fsa': [ '4.68.0' ],
15 silly audit   '@jsonjoy.com/fs-node-utils': [ '4.68.0' ],
15 silly audit   '@jsonjoy.com/fs-print': [ '4.68.0' ],
15 silly audit   '@jsonjoy.com/fs-snapshot': [ '4.68.0' ],
15 silly audit   '@jsonjoy.com/json-pack': [ '17.67.0', '1.21.0' ],
15 silly audit   '@jsonjoy.com/json-pointer': [ '17.67.0', '1.0.2' ],
15 silly audit   '@jsonjoy.com/util': [ '17.67.0', '1.9.0' ],
15 silly audit   '@leichtgewicht/ip-codec': [ '2.0.5' ],
15 silly audit   '@mdx-js/mdx': [ '3.1.1' ],
15 silly audit   '@mdx-js/react': [ '3.1.1' ],
15 silly audit   '@noble/hashes': [ '1.4.0' ],
15 silly audit   '@nodelib/fs.scandir': [ '2.1.5' ],
15 silly audit   '@nodelib/fs.stat': [ '2.0.5' ],
15 silly audit   '@nodelib/fs.walk': [ '1.2.8' ],
15 silly audit   '@peculiar/asn1-cms': [ '2.8.0' ],
15 silly audit   '@peculiar/asn1-csr': [ '2.8.0' ],
15 silly audit   '@peculiar/asn1-ecc': [ '2.8.0' ],
15 silly audit   '@peculiar/asn1-pfx': [ '2.8.0' ],
15 silly audit   '@peculiar/asn1-pkcs8': [ '2.8.0' ],
15 silly audit   '@peculiar/asn1-pkcs9': [ '2.8.0' ],
15 silly audit   '@peculiar/asn1-rsa': [ '2.8.0' ],
15 silly audit   '@peculiar/asn1-schema': [ '2.8.0' ],
15 silly audit   '@peculiar/asn1-x509': [ '2.8.0' ],
15 silly audit   '@peculiar/asn1-x509-attr': [ '2.8.0' ],
15 silly audit   '@peculiar/utils': [ '2.0.3' ],
15 silly audit   '@peculiar/x509': [ '1.14.3' ],
15 silly audit   '@pnpm/config.env-replace': [ '1.1.0' ],
15 silly audit   '@pnpm/network.ca-file': [ '1.0.2' ],
15 silly audit   'graceful-fs': [ '4.2.10', '4.2.11' ],
15 silly audit   '@pnpm/npm-conf': [ '3.0.3' ],
15 silly audit   '@polka/url': [ '1.0.0-next.29' ],
15 silly audit   '@sideway/address': [ '4.1.5' ],
15 silly audit   '@sideway/formula': [ '3.0.1' ],
15 silly audit   '@sideway/pinpoint': [ '2.0.0' ],
15 silly audit   '@sinclair/typebox': [ '0.27.12' ],
15 silly audit   '@sindresorhus/is': [ '4.6.0', '5.6.0' ],
15 silly audit   '@slorber/remark-comment': [ '1.0.0' ],
15 silly audit   '@svgr/babel-plugin-add-jsx-attribute': [ '8.0.0' ],
15 silly audit   '@svgr/babel-plugin-remove-jsx-attribute': [ '8.0.0' ],
15 silly audit   '@svgr/babel-plugin-remove-jsx-empty-expression': [ '8.0.0' ],
15 silly audit   '@svgr/babel-plugin-replace-jsx-attribute-value': [ '8.0.0' ],
15 silly audit   '@svgr/babel-plugin-svg-dynamic-title': [ '8.0.0' ],
15 silly audit   '@svgr/babel-plugin-svg-em-dimensions': [ '8.0.0' ],
15 silly audit   '@svgr/babel-plugin-transform-react-native-svg': [ '8.1.0' ],
15 silly audit   '@svgr/babel-plugin-transform-svg-component': [ '8.0.0' ],
15 silly audit   '@svgr/babel-preset': [ '8.1.0' ],
15 silly audit   '@svgr/core': [ '8.1.0' ],
15 silly audit   '@svgr/hast-util-to-babel-ast': [ '8.0.0' ],
15 silly audit   '@svgr/plugin-jsx': [ '8.1.0' ],
15 silly audit   '@svgr/plugin-svgo': [ '8.1.0' ],
15 silly audit   '@svgr/webpack': [ '8.1.0' ],
15 silly audit   '@szmarczak/http-timer': [ '5.0.1' ],
15 silly audit   '@types/body-parser': [ '1.19.6' ],
15 silly audit   '@types/bonjour': [ '3.5.13' ],
15 silly audit   '@types/connect': [ '3.4.38' ],
15 silly audit   '@types/connect-history-api-fallback': [ '1.5.4' ],
15 silly audit   '@types/debug': [ '4.1.13' ],
15 silly audit   '@types/estree': [ '1.0.9' ],
15 silly audit   '@types/estree-jsx': [ '1.0.5' ],
15 silly audit   '@types/express': [ '4.17.25' ],
15 silly audit   '@types/express-serve-static-core': [ '4.19.9' ],
15 silly audit   '@types/hast': [ '3.0.5' ],
15 silly audit   '@types/history': [ '4.7.11' ],
15 silly audit   '@types/html-minifier-terser': [ '6.1.0' ],
15 silly audit   '@types/http-cache-semantics': [ '4.2.0' ],
15 silly audit   '@types/http-errors': [ '2.0.5' ],
15 silly audit   '@types/http-proxy': [ '1.17.17' ],
15 silly audit   '@types/istanbul-lib-coverage': [ '2.0.6' ],
15 silly audit   '@types/istanbul-lib-report': [ '3.0.3' ],
15 silly audit   '@types/istanbul-reports': [ '3.0.4' ],
15 silly audit   '@types/json-schema': [ '7.0.15' ],
15 silly audit   '@types/mdast': [ '4.0.4' ],
15 silly audit   '@types/mdx': [ '2.0.14' ],
15 silly audit   '@types/mime': [ '1.3.5' ],
15 silly audit   '@types/ms': [ '2.1.0' ],
15 silly audit   '@types/node': [ '26.1.1', '17.0.45' ],
15 silly audit   '@types/prismjs': [ '1.26.6' ],
15 silly audit   '@types/qs': [ '6.15.1' ],
15 silly audit   '@types/range-parser': [ '1.2.7' ],
15 silly audit   '@types/react': [ '19.2.17' ],
15 silly audit   '@types/react-router': [ '5.1.20' ],
15 silly audit   '@types/react-router-config': [ '5.0.11' ],
15 silly audit   '@types/react-router-dom': [ '5.3.3' ],
15 silly audit   '@types/retry': [ '0.12.2' ],
15 silly audit   '@types/sax': [ '1.2.7' ],
15 silly audit   '@types/send': [ '1.2.1', '0.17.6' ],
15 silly audit   '@types/serve-index': [ '1.9.4' ],
15 silly audit   '@types/serve-static': [ '1.15.10' ],
15 silly audit   '@types/sockjs': [ '0.3.36' ],
15 silly audit   '@types/unist': [ '3.0.3', '2.0.11' ],
15 silly audit   '@types/ws': [ '8.18.1' ],
15 silly audit   '@types/yargs': [ '17.0.35' ],
15 silly audit   '@types/yargs-parser': [ '21.0.3' ],
15 silly audit   '@ungap/structured-clone': [ '1.3.3' ],
15 silly audit   '@webassemblyjs/ast': [ '1.14.1' ],
15 silly audit   '@webassemblyjs/floating-point-hex-parser': [ '1.13.2' ],
15 silly audit   '@webassemblyjs/helper-api-error': [ '1.13.2' ],
15 silly audit   '@webassemblyjs/helper-buffer': [ '1.14.1' ],
15 silly audit   '@webassemblyjs/helper-numbers': [ '1.13.2' ],
15 silly audit   '@webassemblyjs/helper-wasm-bytecode': [ '1.13.2' ],
15 silly audit   '@webassemblyjs/helper-wasm-section': [ '1.14.1' ],
15 silly audit   '@webassemblyjs/ieee754': [ '1.13.2' ],
15 silly audit   '@webassemblyjs/leb128': [ '1.13.2' ],
15 silly audit   '@webassemblyjs/utf8': [ '1.13.2' ],
15 silly audit   '@webassemblyjs/wasm-edit': [ '1.14.1' ],
15 silly audit   '@webassemblyjs/wasm-gen': [ '1.14.1' ],
15 silly audit   '@webassemblyjs/wasm-opt': [ '1.14.1' ],
15 silly audit   '@webassemblyjs/wasm-parser': [ '1.14.1' ],
15 silly audit   '@webassemblyjs/wast-printer': [ '1.14.1' ],
15 silly audit   '@xtuc/ieee754': [ '1.2.0' ],
15 silly audit   '@xtuc/long': [ '4.2.2' ],
15 silly audit   accepts: [ '1.3.8' ],
15 silly audit   'mime-db': [ '1.52.0', '1.54.0', '1.33.0' ],
15 silly audit   'mime-types': [ '2.1.35', '2.1.18', '3.0.2' ],
15 silly audit   negotiator: [ '0.6.3', '0.6.4' ],
15 silly audit   acorn: [ '8.17.0' ],
15 silly audit   'acorn-import-phases': [ '1.0.4' ],
15 silly audit   'acorn-jsx': [ '5.3.2' ],
15 silly audit   'acorn-walk': [ '8.3.5' ],
15 silly audit   address: [ '2.0.3' ],
15 silly audit   'aggregate-error': [ '3.1.0' ],
15 silly audit   ajv: [ '8.20.0', '6.15.0' ],
15 silly audit   'ajv-formats': [ '2.1.1' ],
15 silly audit   'ajv-keywords': [ '5.1.0', '3.5.2' ],
15 silly audit   algoliasearch: [ '5.56.0' ],
15 silly audit   'algoliasearch-helper': [ '3.29.3' ],
15 silly audit   'ansi-align': [ '3.0.1' ],
15 silly audit   'emoji-regex': [ '8.0.0', '9.2.2' ],
15 silly audit   'string-width': [ '4.2.3', '5.1.2' ],
15 silly audit   'ansi-html-community': [ '0.0.8' ],
15 silly audit   'ansi-regex': [ '5.0.1', '6.2.2' ],
15 silly audit   'ansi-styles': [ '4.3.0', '6.2.3' ],
15 silly audit   ansis: [ '3.17.0' ],
15 silly audit   anymatch: [ '3.1.3' ],
15 silly audit   arg: [ '5.0.2' ],
15 silly audit   argparse: [ '2.0.1' ],
15 silly audit   'array-flatten': [ '1.1.1' ],
15 silly audit   'array-union': [ '2.1.0' ],
15 silly audit   asn1js: [ '3.0.10' ],
15 silly audit   astring: [ '1.9.0' ],
15 silly audit   autoprefixer: [ '10.5.4' ],
15 silly audit   'babel-loader': [ '9.2.1' ],
15 silly audit   'babel-plugin-dynamic-import-node': [ '2.3.3' ],
15 silly audit   'babel-plugin-polyfill-corejs2': [ '0.4.17' ],
15 silly audit   'babel-plugin-polyfill-regenerator': [ '0.6.8' ],
15 silly audit   bail: [ '2.0.2' ],
15 silly audit   'balanced-match': [ '1.0.2' ],
15 silly audit   'baseline-browser-mapping': [ '2.11.12' ],
15 silly audit   batch: [ '0.6.1' ],
15 silly audit   'big.js': [ '5.2.2' ],
15 silly audit   'binary-extensions': [ '2.3.0' ],
15 silly audit   'body-parser': [ '1.20.6' ],
15 silly audit   bytes: [ '3.1.2', '3.0.0' ],
15 silly audit   debug: [ '2.6.9', '4.4.3' ],
15 silly audit   ms: [ '2.0.0', '2.1.3' ],
15 silly audit   'bonjour-service': [ '1.4.4' ],
15 silly audit   boolbase: [ '1.0.0' ],
15 silly audit   boxen: [ '6.2.1', '7.1.1' ],
15 silly audit   'brace-expansion': [ '1.1.18' ],
15 silly audit   braces: [ '3.0.3' ],
15 silly audit   browserslist: [ '4.28.7' ],
15 silly audit   'buffer-from': [ '1.1.2' ],
15 silly audit   'bundle-name': [ '4.1.0' ],
15 silly audit   bytestreamjs: [ '2.0.1' ],
15 silly audit   'cacheable-lookup': [ '7.0.0' ],
15 silly audit   'cacheable-request': [ '10.2.14' ],
15 silly audit   'call-bind': [ '1.0.9' ],
15 silly audit   'call-bind-apply-helpers': [ '1.0.2' ],
15 silly audit   'call-bound': [ '1.0.4' ],
15 silly audit   callsites: [ '3.1.0' ],
15 silly audit   'camel-case': [ '4.1.2' ],
15 silly audit   camelcase: [ '6.3.0', '7.0.1' ],
15 silly audit   'caniuse-api': [ '3.0.0' ],
15 silly audit   'caniuse-lite': [ '1.0.30001806' ],
15 silly audit   ccount: [ '2.0.1' ],
15 silly audit   chalk: [ '4.1.2', '5.6.2' ],
15 silly audit   'char-regex': [ '1.0.2' ],
15 silly audit   'character-entities': [ '2.0.2' ],
15 silly audit   'character-entities-html4': [ '2.1.0' ],
15 silly audit   'character-entities-legacy': [ '3.0.0' ],
15 silly audit   'character-reference-invalid': [ '2.0.1' ],
15 silly audit   cheerio: [ '1.0.0-rc.12' ],
15 silly audit   'cheerio-select': [ '2.1.0' ],
15 silly audit   chokidar: [ '3.6.0' ],
15 silly audit   'chrome-trace-event': [ '1.0.4' ],
15 silly audit   'ci-info': [ '3.9.0' ],
15 silly audit   'clean-css': [ '5.3.3' ],
15 silly audit   'source-map': [ '0.6.1', '0.7.6' ],
15 silly audit   'clean-stack': [ '2.2.0' ],
15 silly audit   'cli-boxes': [ '3.0.0' ],
15 silly audit   'cli-table3': [ '0.6.5' ],
15 silly audit   'clone-deep': [ '4.0.1' ],
15 silly audit   clsx: [ '2.1.1' ],
15 silly audit   'collapse-white-space': [ '2.1.0' ],
15 silly audit   'color-convert': [ '2.0.1' ],
15 silly audit   'color-name': [ '1.1.4' ],
15 silly audit   colord: [ '2.9.3' ],
15 silly audit   colorette: [ '2.0.20' ],
15 silly audit   'combine-promises': [ '1.2.0' ],
15 silly audit   'comma-separated-tokens': [ '2.0.3' ],
15 silly audit   commander: [ '5.1.0', '10.0.1', '8.3.0', '7.2.0', '2.20.3' ],
15 silly audit   'common-path-prefix': [ '3.0.0' ],
15 silly audit   compressible: [ '2.0.18' ],
15 silly audit   compression: [ '1.8.1' ],
15 silly audit   'concat-map': [ '0.0.1' ],
15 silly audit   'config-chain': [ '1.1.13' ],
15 silly audit   ini: [ '1.3.8', '2.0.0' ],
15 silly audit   configstore: [ '6.0.0' ],
15 silly audit   'connect-history-api-fallback': [ '2.0.0' ],
15 silly audit   consola: [ '3.4.2' ],
15 silly audit   'content-disposition': [ '0.5.2', '0.5.4' ],
15 silly audit   'content-type': [ '1.0.5' ],
15 silly audit   'convert-source-map': [ '2.0.0' ],
15 silly audit   cookie: [ '0.7.2' ],
15 silly audit   'cookie-signature': [ '1.0.7' ],
15 silly audit   'copy-text-to-clipboard': [ '3.2.2' ],
15 silly audit   'copy-webpack-plugin': [ '11.0.0' ],
15 silly audit   'glob-parent': [ '6.0.2', '5.1.2' ],
15 silly audit   globby: [ '13.2.2', '11.1.0' ],
15 silly audit   slash: [ '4.0.0', '3.0.0' ],
15 silly audit   'core-js': [ '3.49.0' ],
15 silly audit   'core-js-compat': [ '3.50.0' ],
15 silly audit   'core-util-is': [ '1.0.3' ],
15 silly audit   cosmiconfig: [ '8.3.6' ],
15 silly audit   'cross-spawn': [ '7.0.6' ],
15 silly audit   'crypto-random-string': [ '4.0.0' ],
15 silly audit   'type-fest': [ '1.4.0', '2.19.0' ],
15 silly audit   'css-blank-pseudo': [ '7.0.1' ],
15 silly audit   'css-declaration-sorter': [ '7.4.0' ],
15 silly audit   'css-has-pseudo': [ '7.0.3' ],
15 silly audit   'css-loader': [ '6.11.0' ],
15 silly audit   'css-minimizer-webpack-plugin': [ '5.0.1' ],
15 silly audit   'css-prefers-color-scheme': [ '10.0.0' ],
15 silly audit   'css-select': [ '5.2.2', '4.3.0' ],
15 silly audit   'css-tree': [ '2.3.1', '2.2.1' ],
15 silly audit   'css-what': [ '6.2.2' ],
15 silly audit   cssdb: [ '8.9.0' ],
15 silly audit   cssesc: [ '3.0.0' ],
15 silly audit   cssnano: [ '6.1.2' ],
15 silly audit   'cssnano-preset-advanced': [ '6.1.2' ],
15 silly audit   'cssnano-preset-default': [ '6.1.2' ],
15 silly audit   'cssnano-utils': [ '4.0.2' ],
15 silly audit   csso: [ '5.0.5' ],
15 silly audit   'mdn-data': [ '2.0.28', '2.0.30' ],
15 silly audit   csstype: [ '3.2.3' ],
15 silly audit   debounce: [ '1.2.1' ],
15 silly audit   'decode-named-character-reference': [ '1.3.0' ],
15 silly audit   'decompress-response': [ '6.0.0' ],
15 silly audit   'mimic-response': [ '3.1.0', '4.0.0' ],
15 silly audit   'deep-extend': [ '0.6.0' ],
15 silly audit   deepmerge: [ '4.3.1' ],
15 silly audit   'default-browser': [ '5.5.0' ],
15 silly audit   'default-browser-id': [ '5.0.1' ],
15 silly audit   'defer-to-connect': [ '2.0.1' ],
15 silly audit   'define-data-property': [ '1.1.4' ],
15 silly audit   'define-lazy-prop': [ '2.0.0', '3.0.0' ],
15 silly audit   'define-properties': [ '1.2.1' ],
15 silly audit   depd: [ '2.0.0', '1.1.2' ],
15 silly audit   dequal: [ '2.0.3' ],
15 silly audit   destroy: [ '1.2.0' ],
15 silly audit   'detect-node': [ '2.1.0' ],
15 silly audit   'detect-port': [ '2.1.0' ],
15 silly audit   devlop: [ '1.1.0' ],
15 silly audit   'dir-glob': [ '3.0.1' ],
15 silly audit   'dns-packet': [ '5.6.1' ],
15 silly audit   'dom-converter': [ '0.2.0' ],
15 silly audit   'dom-serializer': [ '2.0.0', '1.4.1' ],
15 silly audit   domelementtype: [ '2.3.0' ],
15 silly audit   domhandler: [ '5.0.3', '4.3.1' ],
15 silly audit   domutils: [ '3.2.2', '2.8.0' ],
15 silly audit   'dot-case': [ '3.0.4' ],
15 silly audit   'dot-prop': [ '6.0.1' ],
15 silly audit   'is-obj': [ '2.0.0', '1.0.1' ],
15 silly audit   'dunder-proto': [ '1.0.1' ],
15 silly audit   duplexer: [ '0.1.2' ],
15 silly audit   eastasianwidth: [ '0.2.0' ],
15 silly audit   'ee-first': [ '1.1.1' ],
15 silly audit   'electron-to-chromium': [ '1.5.402' ],
15 silly audit   emojilib: [ '2.4.0' ],
15 silly audit   'emojis-list': [ '3.0.0' ],
15 silly audit   emoticon: [ '4.1.0' ],
15 silly audit   encodeurl: [ '2.0.0' ],
15 silly audit   'enhanced-resolve': [ '5.24.2' ],
15 silly audit   entities: [ '4.5.0', '6.0.1', '2.2.0' ],
15 silly audit   'error-ex': [ '1.3.4' ],
15 silly audit   'es-define-property': [ '1.0.1' ],
15 silly audit   'es-errors': [ '1.3.0' ],
15 silly audit   'es-module-lexer': [ '2.3.1' ],
15 silly audit   'es-object-atoms': [ '1.1.2' ],
15 silly audit   'esast-util-from-estree': [ '2.0.0' ],
15 silly audit   'esast-util-from-js': [ '2.0.1' ],
15 silly audit   escalade: [ '3.2.0' ],
15 silly audit   'escape-goat': [ '4.0.0' ],
15 silly audit   'escape-html': [ '1.0.3' ],
15 silly audit   'escape-string-regexp': [ '4.0.0', '5.0.0' ],
15 silly audit   'eslint-scope': [ '5.1.1' ],
15 silly audit   esrecurse: [ '4.3.0' ],
15 silly audit   estraverse: [ '5.3.0', '4.3.0' ],
15 silly audit   'estree-util-attach-comments': [ '3.0.0' ],
15 silly audit   'estree-util-build-jsx': [ '3.0.1' ],
15 silly audit   'estree-util-is-identifier-name': [ '3.0.0' ],
15 silly audit   'estree-util-scope': [ '1.0.0' ],
15 silly audit   'estree-util-to-js': [ '2.0.0' ],
15 silly audit   'estree-util-value-to-estree': [ '3.5.0' ],
15 silly audit   'estree-util-visit': [ '2.0.0' ],
15 silly audit   'estree-walker': [ '3.0.3' ],
15 silly audit   esutils: [ '2.0.3' ],
15 silly audit   eta: [ '2.2.0' ],
15 silly audit   etag: [ '1.8.1' ],
15 silly audit   eval: [ '0.1.8' ],
15 silly audit   eventemitter3: [ '4.0.7' ],
15 silly audit   events: [ '3.3.0' ],
15 silly audit   execa: [ '5.1.1' ],
15 silly audit   express: [ '4.22.2' ],
15 silly audit   'path-to-regexp': [ '0.1.13', '1.9.0', '3.3.0' ],
15 silly audit   'range-parser': [ '1.2.1', '1.2.0', '1.3.0' ],
15 silly audit   extend: [ '3.0.2' ],
15 silly audit   'extend-shallow': [ '2.0.1' ],
15 silly audit   'fast-deep-equal': [ '3.1.3' ],
15 silly audit   'fast-glob': [ '3.3.3' ],
15 silly audit   'fast-json-stable-stringify': [ '2.1.0' ],
15 silly audit   'fast-uri': [ '3.1.5' ],
15 silly audit   fastq: [ '1.20.1' ],
15 silly audit   fault: [ '2.0.1' ],
15 silly audit   'faye-websocket': [ '0.11.4' ],
15 silly audit   feed: [ '4.2.2' ],
15 silly audit   'file-loader': [ '6.2.0' ],
15 silly audit   'json-schema-traverse': [ '0.4.1', '1.0.0' ],
15 silly audit   'schema-utils': [ '3.3.0', '4.3.3' ],
15 silly audit   'fill-range': [ '7.1.1' ],
15 silly audit   finalhandler: [ '1.3.2' ],
15 silly audit   'find-cache-dir': [ '4.0.0' ],
15 silly audit   'find-up': [ '6.3.0' ],
15 silly audit   flat: [ '5.0.2' ],
15 silly audit   'follow-redirects': [ '1.16.0' ],
15 silly audit   'form-data-encoder': [ '2.1.4' ],
15 silly audit   format: [ '0.2.2' ],
15 silly audit   forwarded: [ '0.2.0' ],
15 silly audit   'fraction.js': [ '5.3.4' ],
15 silly audit   fresh: [ '0.5.2' ],
15 silly audit   'fs-extra': [ '11.3.6' ],
15 silly audit   fsevents: [ '2.3.3' ],
15 silly audit   'function-bind': [ '1.1.2' ],
15 silly audit   gensync: [ '1.0.0-beta.2' ],
15 silly audit   'get-intrinsic': [ '1.3.0' ],
15 silly audit   'get-own-enumerable-property-symbols': [ '3.0.2' ],
15 silly audit   'get-proto': [ '1.0.1' ],
15 silly audit   'get-stream': [ '6.0.1' ],
15 silly audit   'github-slugger': [ '1.5.0' ],
15 silly audit   'glob-to-regex.js': [ '1.2.0' ],
15 silly audit   'global-dirs': [ '3.0.1' ],
15 silly audit   gopd: [ '1.2.0' ],
15 silly audit   got: [ '12.6.1' ],
15 silly audit   'gzip-size': [ '6.0.0' ],
15 silly audit   'handle-thing': [ '2.0.1' ],
15 silly audit   'has-flag': [ '4.0.0' ],
15 silly audit   'has-property-descriptors': [ '1.0.2' ],
15 silly audit   'has-symbols': [ '1.1.0' ],
15 silly audit   'has-yarn': [ '3.0.0' ],
15 silly audit   hasown: [ '2.0.4' ],
15 silly audit   'hast-util-from-parse5': [ '8.0.3' ],
15 silly audit   'hast-util-parse-selector': [ '4.0.0' ],
15 silly audit   'hast-util-raw': [ '9.1.0' ],
15 silly audit   'hast-util-to-estree': [ '3.1.3' ],
15 silly audit   'hast-util-to-jsx-runtime': [ '2.3.6' ],
15 silly audit   'hast-util-to-parse5': [ '8.0.1' ],
15 silly audit   'hast-util-whitespace': [ '3.0.0' ],
15 silly audit   hastscript: [ '9.0.1' ],
15 silly audit   he: [ '1.2.0' ],
15 silly audit   history: [ '4.10.1' ],
15 silly audit   'hoist-non-react-statics': [ '3.3.2' ],
15 silly audit   'hpack.js': [ '2.1.6' ],
15 silly audit   isarray: [ '1.0.0', '0.0.1' ],
15 silly audit   'readable-stream': [ '2.3.8', '3.6.2' ],
15 silly audit   'safe-buffer': [ '5.1.2', '5.2.1' ],
15 silly audit   string_decoder: [ '1.1.1', '1.3.0' ],
15 silly audit   'html-escaper': [ '2.0.2' ],
15 silly audit   'html-minifier-terser': [ '7.2.0', '6.1.0' ],
15 silly audit   'html-tags': [ '3.3.1' ],
15 silly audit   'html-void-elements': [ '3.0.0' ],
15 silly audit   'html-webpack-plugin': [ '5.6.7' ],
15 silly audit   htmlparser2: [ '8.0.2', '6.1.0' ],
15 silly audit   'http-cache-semantics': [ '4.2.0' ],
15 silly audit   'http-deceiver': [ '1.2.7' ],
15 silly audit   'http-errors': [ '2.0.1', '1.8.1' ],
15 silly audit   'http-parser-js': [ '0.5.10' ],
15 silly audit   'http-proxy': [ '1.18.1' ],
15 silly audit   'http-proxy-middleware': [ '2.0.10' ],
15 silly audit   'is-plain-obj': [ '3.0.0', '4.1.0' ],
15 silly audit   'http2-wrapper': [ '2.2.1' ],
15 silly audit   'human-signals': [ '2.1.0' ],
15 silly audit   hyperdyperid: [ '1.2.0' ],
15 silly audit   'iconv-lite': [ '0.4.24' ],
15 silly audit   'icss-utils': [ '5.1.0' ],
15 silly audit   ignore: [ '5.3.2' ],
15 silly audit   'image-size': [ '2.0.2' ],
15 silly audit   'import-fresh': [ '3.3.1' ],
15 silly audit   'import-lazy': [ '4.0.0' ],
15 silly audit   imurmurhash: [ '0.1.4' ],
15 silly audit   'indent-string': [ '4.0.0' ],
15 silly audit   infima: [ '0.2.0-alpha.45' ],
15 silly audit   inherits: [ '2.0.4' ],
15 silly audit   'inline-style-parser': [ '0.2.7' ],
15 silly audit   invariant: [ '2.2.4' ],
15 silly audit   'ipaddr.js': [ '2.5.0', '1.9.1' ],
15 silly audit   'is-alphabetical': [ '2.0.1' ],
15 silly audit   'is-alphanumerical': [ '2.0.1' ],
15 silly audit   'is-arrayish': [ '0.2.1' ],
15 silly audit   'is-binary-path': [ '2.1.0' ],
15 silly audit   'is-ci': [ '3.0.1' ],
15 silly audit   'is-core-module': [ '2.16.2' ],
15 silly audit   'is-decimal': [ '2.0.1' ],
15 silly audit   'is-docker': [ '2.2.1', '3.0.0' ],
15 silly audit   'is-extendable': [ '0.1.1' ],
15 silly audit   'is-extglob': [ '2.1.1' ],
15 silly audit   'is-fullwidth-code-point': [ '3.0.0' ],
15 silly audit   'is-glob': [ '4.0.3' ],
15 silly audit   'is-hexadecimal': [ '2.0.1' ],
15 silly audit   'is-inside-container': [ '1.0.0' ],
15 silly audit   'is-installed-globally': [ '0.4.0' ],
15 silly audit   'is-network-error': [ '1.3.2' ],
15 silly audit   'is-npm': [ '6.1.0' ],
15 silly audit   'is-number': [ '7.0.0' ],
15 silly audit   'is-path-inside': [ '3.0.3' ],
15 silly audit   'is-plain-object': [ '2.0.4' ],
15 silly audit   'is-regexp': [ '1.0.0' ],
15 silly audit   'is-stream': [ '2.0.1' ],
15 silly audit   'is-typedarray': [ '1.0.0' ],
15 silly audit   'is-wsl': [ '2.2.0', '3.1.1' ],
15 silly audit   'is-yarn-global': [ '0.4.1' ],
15 silly audit   isexe: [ '2.0.0' ],
15 silly audit   isobject: [ '3.0.1' ],
15 silly audit   'jest-util': [ '29.7.0' ],
15 silly audit   'jest-worker': [ '29.7.0', '27.5.1' ],
15 silly audit   'supports-color': [ '8.1.1', '7.2.0' ],
15 silly audit   jiti: [ '1.21.7' ],
15 silly audit   joi: [ '17.13.4' ],
15 silly audit   'js-tokens': [ '4.0.0' ],
15 silly audit   'js-yaml': [ '4.3.1' ],
15 silly audit   jsesc: [ '3.1.0' ],
15 silly audit   'json-buffer': [ '3.0.1' ],
15 silly audit   'json-parse-even-better-errors': [ '2.3.1' ],
15 silly audit   json5: [ '2.2.3' ],
15 silly audit   jsonfile: [ '6.2.1' ],
15 silly audit   keyv: [ '4.5.4' ],
15 silly audit   'kind-of': [ '6.0.3' ],
15 silly audit   kleur: [ '3.0.3' ],
15 silly audit   'latest-version': [ '7.0.0' ],
15 silly audit   'launch-editor': [ '2.14.1' ],
15 silly audit   leven: [ '3.1.0' ],
15 silly audit   lilconfig: [ '3.1.3' ],
15 silly audit   'lines-and-columns': [ '1.2.4' ],
15 silly audit   'loader-runner': [ '4.3.2' ],
15 silly audit   'loader-utils': [ '2.0.4' ],
15 silly audit   'locate-path': [ '7.2.0' ],
15 silly audit   lodash: [ '4.18.1' ],
15 silly audit   'lodash.debounce': [ '4.0.8' ],
15 silly audit   'lodash.memoize': [ '4.1.2' ],
15 silly audit   'lodash.uniq': [ '4.5.0' ],
15 silly audit   'longest-streak': [ '3.1.0' ],
15 silly audit   'loose-envify': [ '1.4.0' ],
15 silly audit   'lower-case': [ '2.0.2' ],
15 silly audit   'lowercase-keys': [ '3.0.0' ],
15 silly audit   'lru-cache': [ '5.1.1' ],
15 silly audit   'markdown-extensions': [ '2.0.0' ],
15 silly audit   'markdown-table': [ '3.0.4' ],
15 silly audit   'math-intrinsics': [ '1.1.0' ],
15 silly audit   'mdast-util-directive': [ '3.1.0' ],
15 silly audit   'mdast-util-find-and-replace': [ '3.0.2' ],
15 silly audit   'mdast-util-from-markdown': [ '2.0.3' ],
15 silly audit   'micromark-util-symbol': [ '2.0.1', '1.1.0' ],
15 silly audit   'mdast-util-frontmatter': [ '2.0.1' ],
15 silly audit   'mdast-util-gfm': [ '3.1.0' ],
15 silly audit   'mdast-util-gfm-autolink-literal': [ '2.0.1' ],
15 silly audit   'micromark-util-character': [ '2.1.1', '1.2.0' ],
15 silly audit   'mdast-util-gfm-footnote': [ '2.1.0' ],
15 silly audit   'mdast-util-gfm-strikethrough': [ '2.0.0' ],
15 silly audit   'mdast-util-gfm-table': [ '2.0.0' ],
15 silly audit   'mdast-util-gfm-task-list-item': [ '2.0.0' ],
15 silly audit   'mdast-util-mdx': [ '3.0.0' ],
15 silly audit   'mdast-util-mdx-expression': [ '2.0.1' ],
15 silly audit   'mdast-util-mdx-jsx': [ '3.2.0' ],
15 silly audit   'mdast-util-mdxjs-esm': [ '2.0.1' ],
15 silly audit   'mdast-util-phrasing': [ '4.1.0' ],
15 silly audit   'mdast-util-to-hast': [ '13.2.1' ],
15 silly audit   'mdast-util-to-markdown': [ '2.1.2' ],
15 silly audit   'mdast-util-to-string': [ '4.0.0' ],
15 silly audit   'media-typer': [ '0.3.0' ],
15 silly audit   memfs: [ '4.68.0' ],
15 silly audit   'merge-descriptors': [ '1.0.3' ],
15 silly audit   'merge-stream': [ '2.0.0' ],
15 silly audit   merge2: [ '1.4.1' ],
15 silly audit   methods: [ '1.1.2' ],
15 silly audit   micromark: [ '4.0.2' ],
15 silly audit   'micromark-core-commonmark': [ '2.0.3' ],
15 silly audit   'micromark-factory-space': [ '2.0.1', '1.1.0' ],
15 silly audit   'micromark-extension-directive': [ '3.0.2' ],
15 silly audit   'micromark-extension-frontmatter': [ '2.0.0' ],
15 silly audit   'micromark-extension-gfm': [ '3.0.0' ],
15 silly audit   'micromark-extension-gfm-autolink-literal': [ '2.1.0' ],
15 silly audit   'micromark-extension-gfm-footnote': [ '2.1.0' ],
15 silly audit   'micromark-extension-gfm-strikethrough': [ '2.1.0' ],
15 silly audit   'micromark-extension-gfm-table': [ '2.1.1' ],
15 silly audit   'micromark-extension-gfm-tagfilter': [ '2.0.0' ],
15 silly audit   'micromark-extension-gfm-task-list-item': [ '2.1.0' ],
15 silly audit   'micromark-extension-mdx-expression': [ '3.0.1' ],
15 silly audit   'micromark-extension-mdx-jsx': [ '3.0.2' ],
15 silly audit   'micromark-extension-mdx-md': [ '2.0.0' ],
15 silly audit   'micromark-extension-mdxjs': [ '3.0.0' ],
15 silly audit   'micromark-extension-mdxjs-esm': [ '3.0.0' ],
15 silly audit   'micromark-factory-destination': [ '2.0.1' ],
15 silly audit   'micromark-factory-label': [ '2.0.1' ],
15 silly audit   'micromark-factory-mdx-expression': [ '2.0.3' ],
15 silly audit   'micromark-util-types': [ '1.1.0', '2.0.2' ],
15 silly audit   'micromark-factory-title': [ '2.0.1' ],
15 silly audit   'micromark-factory-whitespace': [ '2.0.1' ],
15 silly audit   'micromark-util-chunked': [ '2.0.1' ],
15 silly audit   'micromark-util-classify-character': [ '2.0.1' ],
15 silly audit   'micromark-util-combine-extensions': [ '2.0.1' ],
15 silly audit   'micromark-util-decode-numeric-character-reference': [ '2.0.2' ],
15 silly audit   'micromark-util-decode-string': [ '2.0.1' ],
15 silly audit   'micromark-util-encode': [ '2.0.1' ],
15 silly audit   'micromark-util-events-to-acorn': [ '2.0.3' ],
15 silly audit   'micromark-util-html-tag-name': [ '2.0.1' ],
15 silly audit   'micromark-util-normalize-identifier': [ '2.0.1' ],
15 silly audit   'micromark-util-resolve-all': [ '2.0.1' ],
15 silly audit   'micromark-util-sanitize-uri': [ '2.0.1' ],
15 silly audit   'micromark-util-subtokenize': [ '2.1.0' ],
15 silly audit   micromatch: [ '4.0.8' ],
15 silly audit   mime: [ '1.6.0' ],
15 silly audit   'mimic-fn': [ '2.1.0' ],
15 silly audit   'mini-css-extract-plugin': [ '2.10.2' ],
15 silly audit   'minimalistic-assert': [ '1.0.1' ],
15 silly audit   minimatch: [ '3.1.5' ],
15 silly audit   minimist: [ '1.2.8' ],
15 silly audit   'minimizer-webpack-plugin': [ '5.6.1' ],
15 silly audit   mrmime: [ '2.0.1' ],
15 silly audit   'multicast-dns': [ '7.2.5' ],
15 silly audit   nanoid: [ '3.3.18' ],
15 silly audit   'neo-async': [ '2.6.2' ],
15 silly audit   'no-case': [ '3.0.4' ],
15 silly audit   'node-emoji': [ '2.2.0' ],
15 silly audit   'node-releases': [ '2.0.51' ],
15 silly audit   'normalize-path': [ '3.0.0' ],
15 silly audit   'normalize-url': [ '8.1.1' ],
15 silly audit   'npm-run-path': [ '4.0.1' ],
15 silly audit   nprogress: [ '0.2.0' ],
15 silly audit   'nth-check': [ '2.1.1' ],
15 silly audit   'null-loader': [ '4.0.1' ],
15 silly audit   'object-assign': [ '4.1.1' ],
15 silly audit   'object-inspect': [ '1.13.4' ],
15 silly audit   'object-keys': [ '1.1.1' ],
15 silly audit   'object.assign': [ '4.1.7' ],
15 silly audit   obuf: [ '1.1.2' ],
15 silly audit   'on-finished': [ '2.4.1' ],
15 silly audit   'on-headers': [ '1.1.0' ],
15 silly audit   onetime: [ '5.1.2' ],
15 silly audit   open: [ '8.4.2', '10.2.0' ],
15 silly audit   opener: [ '1.5.2' ],
15 silly audit   'p-cancelable': [ '3.0.0' ],
15 silly audit   'p-finally': [ '1.0.0' ],
15 silly audit   'p-limit': [ '4.0.0' ],
15 silly audit   'p-locate': [ '6.0.0' ],
15 silly audit   'p-map': [ '4.0.0' ],
15 silly audit   'p-queue': [ '6.6.2' ],
15 silly audit   'p-retry': [ '6.2.1' ],
15 silly audit   'p-timeout': [ '3.2.0' ],
15 silly audit   'package-json': [ '8.1.1' ],
15 silly audit   'param-case': [ '3.0.4' ],
15 silly audit   'parent-module': [ '1.0.1' ],
15 silly audit   'parse-entities': [ '4.0.2' ],
15 silly audit   'parse-json': [ '5.2.0' ],
15 silly audit   'parse-numeric-range': [ '1.3.0' ],
15 silly audit   parse5: [ '7.3.0' ],
15 silly audit   'parse5-htmlparser2-tree-adapter': [ '7.1.0' ],
15 silly audit   parseurl: [ '1.3.3' ],
15 silly audit   'pascal-case': [ '3.1.2' ],
15 silly audit   'path-exists': [ '5.0.0' ],
15 silly audit   'path-is-inside': [ '1.0.2' ],
15 silly audit   'path-key': [ '3.1.1' ],
15 silly audit   'path-parse': [ '1.0.7' ],
15 silly audit   'path-type': [ '4.0.0' ],
15 silly audit   picocolors: [ '1.1.1' ],
15 silly audit   picomatch: [ '2.3.2' ],
15 silly audit   'pkg-dir': [ '7.0.0' ],
15 silly audit   pkijs: [ '3.4.0' ],
15 silly audit   postcss: [ '8.5.26' ],
15 silly audit   'postcss-attribute-case-insensitive': [ '7.0.1' ],
15 silly audit   'postcss-calc': [ '9.0.1' ],
15 silly audit   'postcss-clamp': [ '4.1.0' ],
15 silly audit   'postcss-color-functional-notation': [ '7.0.12' ],
15 silly audit   'postcss-color-hex-alpha': [ '10.0.0' ],
15 silly audit   'postcss-color-rebeccapurple': [ '10.0.0' ],
15 silly audit   'postcss-colormin': [ '6.1.0' ],
15 silly audit   'postcss-convert-values': [ '6.1.0' ],
15 silly audit   'postcss-custom-media': [ '11.0.6' ],
15 silly audit   'postcss-custom-properties': [ '14.0.6' ],
15 silly audit   'postcss-custom-selectors': [ '8.0.5' ],
15 silly audit   'postcss-dir-pseudo-class': [ '9.0.1' ],
15 silly audit   'postcss-discard-comments': [ '6.0.2' ],
15 silly audit   'postcss-discard-duplicates': [ '6.0.3' ],
15 silly audit   'postcss-discard-empty': [ '6.0.3' ],
15 silly audit   'postcss-discard-overridden': [ '6.0.2' ],
15 silly audit   'postcss-discard-unused': [ '6.0.5' ],
15 silly audit   'postcss-double-position-gradients': [ '6.0.4' ],
15 silly audit   'postcss-focus-visible': [ '10.0.1' ],
15 silly audit   'postcss-focus-within': [ '9.0.1' ],
15 silly audit   'postcss-font-variant': [ '5.0.0' ],
15 silly audit   'postcss-gap-properties': [ '6.0.0' ],
15 silly audit   'postcss-image-set-function': [ '7.0.0' ],
15 silly audit   'postcss-lab-function': [ '7.0.12' ],
15 silly audit   'postcss-loader': [ '7.3.4' ],
15 silly audit   'postcss-logical': [ '8.1.0' ],
15 silly audit   'postcss-merge-idents': [ '6.0.3' ],
15 silly audit   'postcss-merge-longhand': [ '6.0.5' ],
15 silly audit   'postcss-merge-rules': [ '6.1.1' ],
15 silly audit   'postcss-minify-font-values': [ '6.1.0' ],
15 silly audit   'postcss-minify-gradients': [ '6.0.3' ],
15 silly audit   'postcss-minify-params': [ '6.1.0' ],
15 silly audit   'postcss-minify-selectors': [ '6.0.4' ],
15 silly audit   'postcss-modules-extract-imports': [ '3.1.0' ],
15 silly audit   'postcss-modules-local-by-default': [ '4.2.0' ],
15 silly audit   'postcss-modules-scope': [ '3.2.1' ],
15 silly audit   'postcss-modules-values': [ '4.0.0' ],
15 silly audit   'postcss-nesting': [ '13.0.2' ],
15 silly audit   'postcss-normalize-charset': [ '6.0.2' ],
15 silly audit   'postcss-normalize-display-values': [ '6.0.2' ],
15 silly audit   'postcss-normalize-positions': [ '6.0.2' ],
15 silly audit   'postcss-normalize-repeat-style': [ '6.0.2' ],
15 silly audit   'postcss-normalize-string': [ '6.0.2' ],
15 silly audit   'postcss-normalize-timing-functions': [ '6.0.2' ],
15 silly audit   'postcss-normalize-unicode': [ '6.1.0' ],
15 silly audit   'postcss-normalize-url': [ '6.0.2' ],
15 silly audit   'postcss-normalize-whitespace': [ '6.0.2' ],
15 silly audit   'postcss-opacity-percentage': [ '3.0.0' ],
15 silly audit   'postcss-ordered-values': [ '6.0.2' ],
15 silly audit   'postcss-overflow-shorthand': [ '6.0.0' ],
15 silly audit   'postcss-page-break': [ '3.0.4' ],
15 silly audit   'postcss-place': [ '10.0.0' ],
15 silly audit   'postcss-preset-env': [ '10.6.1' ],
15 silly audit   'postcss-pseudo-class-any-link': [ '10.0.1' ],
15 silly audit   'postcss-reduce-idents': [ '6.0.3' ],
15 silly audit   'postcss-reduce-initial': [ '6.1.0' ],
15 silly audit   'postcss-reduce-transforms': [ '6.0.2' ],
15 silly audit   'postcss-replace-overflow-wrap': [ '4.0.0' ],
15 silly audit   'postcss-selector-not': [ '8.0.1' ],
15 silly audit   'postcss-sort-media-queries': [ '5.2.0' ],
15 silly audit   'postcss-svgo': [ '6.0.3' ],
15 silly audit   'postcss-unique-selectors': [ '6.0.4' ],
15 silly audit   'postcss-value-parser': [ '4.2.0' ],
15 silly audit   'postcss-zindex': [ '6.0.2' ],
15 silly audit   'pretty-error': [ '4.0.0' ],
15 silly audit   'pretty-time': [ '1.1.0' ],
15 silly audit   'prism-react-renderer': [ '2.4.1' ],
15 silly audit   prismjs: [ '1.30.0' ],
15 silly audit   'process-nextick-args': [ '2.0.1' ],
15 silly audit   prompts: [ '2.4.2' ],
15 silly audit   'prop-types': [ '15.8.1' ],
15 silly audit   'property-information': [ '7.2.0' ],
15 silly audit   'proto-list': [ '1.2.4' ],
15 silly audit   'proxy-addr': [ '2.0.7' ],
15 silly audit   punycode: [ '2.3.1' ],
15 silly audit   pupa: [ '3.3.0' ],
15 silly audit   pvtsutils: [ '1.3.6' ],
15 silly audit   pvutils: [ '1.2.0' ],
15 silly audit   qs: [ '6.15.3' ],
15 silly audit   'queue-microtask': [ '1.2.3' ],
15 silly audit   'quick-lru': [ '5.1.1' ],
15 silly audit   randombytes: [ '2.1.0' ],
15 silly audit   'raw-body': [ '2.5.3' ],
15 silly audit   rc: [ '1.2.8' ],
15 silly audit   'strip-json-comments': [ '2.0.1', '3.1.1' ],
15 silly audit   react: [ '19.2.7' ],
15 silly audit   'react-dom': [ '19.2.7' ],
15 silly audit   'react-fast-compare': [ '3.2.2' ],
15 silly audit   '@slorber/react-helmet-async': [ '1.3.0' ],
15 silly audit   'react-is': [ '16.13.1' ],
15 silly audit   'react-json-view-lite': [ '2.5.0' ],
15 silly audit   '@docusaurus/react-loadable': [ '6.0.0' ],
15 silly audit   'react-loadable-ssr-addon-v5-slorber': [ '1.0.3' ],
15 silly audit   'react-router': [ '5.3.4' ],
15 silly audit   'react-router-config': [ '5.1.1' ],
15 silly audit   'react-router-dom': [ '5.3.4' ],
15 silly audit   readdirp: [ '3.6.0' ],
15 silly audit   'recma-build-jsx': [ '1.0.0' ],
15 silly audit   'recma-jsx': [ '1.0.1' ],
15 silly audit   'recma-parse': [ '1.0.0' ],
15 silly audit   'recma-stringify': [ '1.0.0' ],
15 silly audit   'reflect-metadata': [ '0.2.2' ],
15 silly audit   regenerate: [ '1.4.2' ],
15 silly audit   'regenerate-unicode-properties': [ '10.2.2' ],
15 silly audit   'regexpu-core': [ '6.4.0' ],
15 silly audit   'registry-auth-token': [ '5.1.1' ],
15 silly audit   'registry-url': [ '6.0.1' ],
15 silly audit   regjsgen: [ '0.8.0' ],
15 silly audit   regjsparser: [ '0.13.2' ],
15 silly audit   'rehype-raw': [ '7.0.0' ],
15 silly audit   'rehype-recma': [ '1.0.0' ],
15 silly audit   relateurl: [ '0.2.7' ],
15 silly audit   'remark-directive': [ '3.0.1' ],
15 silly audit   'remark-emoji': [ '4.0.1' ],
15 silly audit   'remark-frontmatter': [ '5.0.0' ],
15 silly audit   'remark-gfm': [ '4.0.1' ],
15 silly audit   'remark-mdx': [ '3.1.1' ],
15 silly audit   'remark-parse': [ '11.0.0' ],
15 silly audit   'remark-rehype': [ '11.1.2' ],
15 silly audit   'remark-stringify': [ '11.0.0' ],
15 silly audit   renderkid: [ '3.0.0' ],
15 silly audit   'require-from-string': [ '2.0.2' ],
15 silly audit   'require-like': [ '0.1.2' ],
15 silly audit   'requires-port': [ '1.0.0' ],
15 silly audit   resolve: [ '1.22.12' ],
15 silly audit   'resolve-alpn': [ '1.2.1' ],
15 silly audit   'resolve-from': [ '4.0.0' ],
15 silly audit   'resolve-pathname': [ '3.0.0' ],
15 silly audit   responselike: [ '3.0.0' ],
15 silly audit   retry: [ '0.13.1' ],
15 silly audit   reusify: [ '1.1.0' ],
15 silly audit   rtlcss: [ '4.3.0' ],
15 silly audit   'run-applescript': [ '7.1.0' ],
15 silly audit   'run-parallel': [ '1.2.0' ],
15 silly audit   'safer-buffer': [ '2.1.2' ],
15 silly audit   sax: [ '1.6.1' ],
15 silly audit   scheduler: [ '0.27.0' ],
15 silly audit   'schema-dts': [ '1.1.5' ],
15 silly audit   'section-matter': [ '1.0.0' ],
15 silly audit   'select-hose': [ '2.0.0' ],
15 silly audit   selfsigned: [ '5.5.0' ],
15 silly audit   'semver-diff': [ '4.0.0' ],
15 silly audit   send: [ '0.19.2' ],
15 silly audit   'serialize-javascript': [ '6.0.2' ],
15 silly audit   'serve-handler': [ '6.1.7' ],
15 silly audit   'serve-index': [ '1.9.2' ],
15 silly audit   statuses: [ '1.5.0', '2.0.2' ],
15 silly audit   'serve-static': [ '1.16.3' ],
15 silly audit   'set-function-length': [ '1.2.2' ],
15 silly audit   setprototypeof: [ '1.2.0' ],
15 silly audit   'shallow-clone': [ '3.0.1' ],
15 silly audit   shallowequal: [ '1.1.0' ],
15 silly audit   'shebang-command': [ '2.0.0' ],
15 silly audit   'shebang-regex': [ '3.0.0' ],
15 silly audit   'shell-quote': [ '1.10.0' ],
15 silly audit   'side-channel': [ '1.1.1' ],
15 silly audit   'side-channel-list': [ '1.0.1' ],
15 silly audit   'side-channel-map': [ '1.0.1' ],
15 silly audit   'side-channel-weakmap': [ '1.0.2' ],
15 silly audit   'signal-exit': [ '3.0.7' ],
15 silly audit   sirv: [ '2.0.4' ],
15 silly audit   sisteransi: [ '1.0.5' ],
15 silly audit   sitemap: [ '7.1.3' ],
15 silly audit   'skin-tone': [ '2.0.0' ],
15 silly audit   'snake-case': [ '3.0.4' ],
15 silly audit   sockjs: [ '0.3.24' ],
15 silly audit   'sort-css-media-queries': [ '2.2.0' ],
15 silly audit   'source-map-js': [ '1.2.1' ],
15 silly audit   'source-map-support': [ '0.5.21' ],
15 silly audit   'space-separated-tokens': [ '2.0.2' ],
15 silly audit   spdy: [ '4.0.2' ],
15 silly audit   'spdy-transport': [ '3.0.0' ],
15 silly audit   srcset: [ '4.0.0' ],
15 silly audit   'std-env': [ '3.10.0' ],
15 silly audit   'strip-ansi': [ '7.2.0', '6.0.1' ],
15 silly audit   'stringify-entities': [ '4.0.4' ],
15 silly audit   'stringify-object': [ '3.3.0' ],
15 silly audit   'strip-bom-string': [ '1.0.0' ],
15 silly audit   'strip-final-newline': [ '2.0.0' ],
15 silly audit   'style-to-js': [ '1.1.21' ],
15 silly audit   'style-to-object': [ '1.0.14' ],
15 silly audit   stylehacks: [ '6.1.1' ],
15 silly audit   'supports-preserve-symlinks-flag': [ '1.0.0' ],
15 silly audit   'svg-parser': [ '2.0.4' ],
15 silly audit   svgo: [ '3.3.4' ],
15 silly audit   tapable: [ '2.3.3' ],
15 silly audit   terser: [ '5.49.0' ],
15 silly audit   'terser-webpack-plugin': [ '5.6.1' ],
15 silly audit   thingies: [ '2.6.1' ],
15 silly audit   thunky: [ '1.1.0' ],
15 silly audit   'tiny-invariant': [ '1.3.3' ],
15 silly audit   'tiny-warning': [ '1.0.3' ],
15 silly audit   tinypool: [ '1.1.1' ],
15 silly audit   'to-regex-range': [ '5.0.1' ],
15 silly audit   toidentifier: [ '1.0.1' ],
15 silly audit   totalist: [ '3.0.1' ],
15 silly audit   'tree-dump': [ '1.1.0' ],
15 silly audit   'trim-lines': [ '3.0.1' ],
15 silly audit   trough: [ '2.2.0' ],
15 silly audit   tslib: [ '2.8.1', '1.14.1' ],
15 silly audit   tsyringe: [ '4.10.0' ],
15 silly audit   'type-is': [ '1.6.18' ],
15 silly audit   'typedarray-to-buffer': [ '3.1.5' ],
15 silly audit   'undici-types': [ '8.3.0' ],
15 silly audit   'unicode-canonical-property-names-ecmascript': [ '2.0.1' ],
15 silly audit   'unicode-emoji-modifier-base': [ '1.0.0' ],
15 silly audit   'unicode-match-property-ecmascript': [ '2.0.0' ],
15 silly audit   'unicode-match-property-value-ecmascript': [ '2.2.1' ],
15 silly audit   'unicode-property-aliases-ecmascript': [ '2.2.0' ],
15 silly audit   unified: [ '11.0.5' ],
15 silly audit   'unique-string': [ '3.0.0' ],
15 silly audit   'unist-util-is': [ '6.0.1' ],
15 silly audit   'unist-util-position': [ '5.0.0' ],
15 silly audit   'unist-util-position-from-estree': [ '2.0.0' ],
15 silly audit   'unist-util-stringify-position': [ '4.0.0' ],
15 silly audit   'unist-util-visit': [ '5.1.0' ],
15 silly audit   'unist-util-visit-parents': [ '6.0.2' ],
15 silly audit   universalify: [ '2.0.1' ],
15 silly audit   unpipe: [ '1.0.0' ],
15 silly audit   'update-browserslist-db': [ '1.2.3' ],
15 silly audit   'update-notifier': [ '6.0.2' ],
15 silly audit   'uri-js': [ '4.4.1' ],
15 silly audit   'url-loader': [ '4.1.1' ],
15 silly audit   'util-deprecate': [ '1.0.2' ],
15 silly audit   utila: [ '0.4.0' ],
15 silly audit   'utility-types': [ '3.11.0' ],
15 silly audit   'utils-merge': [ '1.0.1' ],
15 silly audit   uuid: [ '8.3.2' ],
15 silly audit   'value-equal': [ '1.0.1' ],
15 silly audit   vary: [ '1.1.2' ],
15 silly audit   vfile: [ '6.0.3' ],
15 silly audit   'vfile-location': [ '5.0.3' ],
15 silly audit   'vfile-message': [ '4.0.3' ],
15 silly audit   watchpack: [ '2.5.2' ],
15 silly audit   wbuf: [ '1.7.3' ],
15 silly audit   'web-namespaces': [ '2.0.1' ],
15 silly audit   webpack: [ '5.108.4' ],
15 silly audit   'webpack-bundle-analyzer': [ '4.10.2' ],
15 silly audit   'webpack-dev-middleware': [ '7.4.5' ],
15 silly audit   'webpack-dev-server': [ '5.2.6' ],
15 silly audit   ws: [ '8.21.3', '7.5.12' ],
15 silly audit   'webpack-sources': [ '3.5.1' ],
15 silly audit   webpackbar: [ '7.0.0' ],
15 silly audit   'websocket-driver': [ '0.7.5' ],
15 silly audit   'websocket-extensions': [ '0.1.4' ],
15 silly audit   which: [ '2.0.2' ],
15 silly audit   'widest-line': [ '4.0.1' ],
15 silly audit   wildcard: [ '2.0.1' ],
15 silly audit   'wrap-ansi': [ '8.1.0' ],
15 silly audit   'write-file-atomic': [ '3.0.3' ],
15 silly audit   'wsl-utils': [ '0.1.0' ],
15 silly audit   'xdg-basedir': [ '5.1.0' ],
15 silly audit   'xml-js': [ '1.6.11' ],
15 silly audit   yallist: [ '3.1.1' ],
15 silly audit   'yocto-queue': [ '1.2.2' ],
15 silly audit   zwitch: [ '2.0.4' ]
15 silly audit }
16 http fetch POST 200 https://registry.npmjs.org/-/npm/v1/security/advisories/bulk 346ms
17 silly audit report {
17 silly audit report   'serialize-javascript': [
17 silly audit report     {
17 silly audit report       id: 1119440,
17 silly audit report       url: 'https://github.com/advisories/GHSA-qj8w-gfj5-8c6v',
17 silly audit report       title: 'Serialize JavaScript has CPU Exhaustion Denial of Service via crafted array-like objects',
17 silly audit report       severity: 'moderate',
17 silly audit report       vulnerable_versions: '>=5.0.0 <7.0.5',
17 silly audit report       cwe: [Array],
17 silly audit report       cvss: [Object]
17 silly audit report     },
17 silly audit report     {
17 silly audit report       id: 1113686,
17 silly audit report       url: 'https://github.com/advisories/GHSA-5c6j-r48x-rmvq',
17 silly audit report       title: 'Serialize JavaScript is Vulnerable to RCE via RegExp.flags and Date.prototype.toISOString()',
17 silly audit report       severity: 'high',
17 silly audit report       vulnerable_versions: '<=7.0.2',
17 silly audit report       cwe: [Array],
17 silly audit report       cvss: [Object]
17 silly audit report     }
17 silly audit report   ],
17 silly audit report   uuid: [
17 silly audit report     {
17 silly audit report       id: 1119441,
17 silly audit report       url: 'https://github.com/advisories/GHSA-w5hq-g745-h8pq',
17 silly audit report       title: 'uuid: Missing buffer bounds check in v3/v5/v6 when buf is provided',
17 silly audit report       severity: 'moderate',
17 silly audit report       vulnerable_versions: '<11.1.1',
17 silly audit report       cwe: [Array],
17 silly audit report       cvss: [Object]
17 silly audit report     }
17 silly audit report   ]
17 silly audit report }
18 silly packumentCache corgi:https://registry.npmjs.org/serialize-javascript cache-miss
19 silly packumentCache corgi:https://registry.npmjs.org/uuid cache-miss
20 http cache https://registry.npmjs.org/serialize-javascript 8ms (cache hit)
21 silly packumentCache corgi:https://registry.npmjs.org/serialize-javascript set size:37694 disposed:false
22 http cache https://registry.npmjs.org/uuid 9ms (cache hit)
23 silly packumentCache corgi:https://registry.npmjs.org/uuid set size:82973 disposed:false
24 silly packumentCache corgi:https://registry.npmjs.org/copy-webpack-plugin cache-miss
25 silly packumentCache corgi:https://registry.npmjs.org/css-minimizer-webpack-plugin cache-miss
26 http cache https://registry.npmjs.org/css-minimizer-webpack-plugin 3ms (cache hit)
27 silly packumentCache corgi:https://registry.npmjs.org/css-minimizer-webpack-plugin set size:92918 disposed:false
28 http cache https://registry.npmjs.org/copy-webpack-plugin 4ms (cache hit)
29 silly packumentCache corgi:https://registry.npmjs.org/copy-webpack-plugin set size:140312 disposed:false
30 silly packumentCache corgi:https://registry.npmjs.org/sockjs cache-miss
31 http cache https://registry.npmjs.org/sockjs 2ms (cache hit)
32 silly packumentCache corgi:https://registry.npmjs.org/sockjs set size:25891 disposed:false
33 silly packumentCache corgi:https://registry.npmjs.org/@docusaurus%2fbundler cache-miss
34 http cache https://registry.npmjs.org/@docusaurus%2fbundler 2ms (cache hit)
35 silly packumentCache corgi:https://registry.npmjs.org/@docusaurus%2fbundler set size:518441 disposed:false
36 silly packumentCache corgi:https://registry.npmjs.org/webpack-dev-server cache-miss
37 http cache https://registry.npmjs.org/webpack-dev-server 2ms (cache hit)
38 silly packumentCache corgi:https://registry.npmjs.org/webpack-dev-server set size:471651 disposed:false
39 silly packumentCache corgi:https://registry.npmjs.org/@docusaurus%2fcore cache-miss
40 http cache https://registry.npmjs.org/@docusaurus%2fcore 10ms (cache hit)
41 silly packumentCache corgi:https://registry.npmjs.org/@docusaurus%2fcore set size:7639234 disposed:false
42 silly packumentCache corgi:https://registry.npmjs.org/@docusaurus%2fplugin-content-blog cache-miss
43 silly packumentCache corgi:https://registry.npmjs.org/@docusaurus%2fplugin-content-docs cache-miss
44 silly packumentCache corgi:https://registry.npmjs.org/@docusaurus%2fplugin-content-pages cache-miss
45 silly packumentCache corgi:https://registry.npmjs.org/@docusaurus%2fplugin-css-cascade-layers cache-miss
46 silly packumentCache corgi:https://registry.npmjs.org/@docusaurus%2fplugin-debug cache-miss
47 silly packumentCache corgi:https://registry.npmjs.org/@docusaurus%2fplugin-google-analytics cache-miss
48 silly packumentCache corgi:https://registry.npmjs.org/@docusaurus%2fplugin-google-gtag cache-miss
49 silly packumentCache corgi:https://registry.npmjs.org/@docusaurus%2fplugin-google-tag-manager cache-miss
50 silly packumentCache corgi:https://registry.npmjs.org/@docusaurus%2fplugin-sitemap cache-miss
51 silly packumentCache corgi:https://registry.npmjs.org/@docusaurus%2fplugin-svgr cache-miss
52 silly packumentCache corgi:https://registry.npmjs.org/@docusaurus%2fpreset-classic cache-miss
53 silly packumentCache corgi:https://registry.npmjs.org/@docusaurus%2ftheme-classic cache-miss
54 silly packumentCache corgi:https://registry.npmjs.org/@docusaurus%2ftheme-search-algolia cache-miss
55 http cache https://registry.npmjs.org/@docusaurus%2fplugin-css-cascade-layers 7ms (cache hit)
56 silly packumentCache corgi:https://registry.npmjs.org/@docusaurus%2fplugin-css-cascade-layers set size:162440 disposed:false
57 http cache https://registry.npmjs.org/@docusaurus%2fplugin-content-docs 11ms (cache hit)
58 silly packumentCache corgi:https://registry.npmjs.org/@docusaurus%2fplugin-content-docs set size:4228554 disposed:false
59 http cache https://registry.npmjs.org/@docusaurus%2fplugin-google-analytics 28ms (cache hit)
60 silly packumentCache corgi:https://registry.npmjs.org/@docusaurus%2fplugin-google-analytics set size:3042947 disposed:false
61 http cache https://registry.npmjs.org/@docusaurus%2fplugin-content-pages 42ms (cache hit)
62 silly packumentCache corgi:https://registry.npmjs.org/@docusaurus%2fplugin-content-pages set size:3438136 disposed:false
63 http cache https://registry.npmjs.org/@docusaurus%2fplugin-sitemap 61ms (cache hit)
64 silly packumentCache corgi:https://registry.npmjs.org/@docusaurus%2fplugin-sitemap set size:3362092 disposed:false
65 http cache https://registry.npmjs.org/@docusaurus%2fplugin-google-tag-manager 74ms (cache hit)
66 silly packumentCache corgi:https://registry.npmjs.org/@docusaurus%2fplugin-google-tag-manager set size:665964 disposed:false
67 http cache https://registry.npmjs.org/@docusaurus%2ftheme-search-algolia 79ms (cache hit)
68 silly packumentCache corgi:https://registry.npmjs.org/@docusaurus%2ftheme-search-algolia set size:3792877 disposed:false
69 http cache https://registry.npmjs.org/@docusaurus%2fpreset-classic 102ms (cache hit)
70 silly packumentCache corgi:https://registry.npmjs.org/@docusaurus%2fpreset-classic set size:3903506 disposed:false
71 http cache https://registry.npmjs.org/@docusaurus%2fplugin-svgr 116ms (cache hit)
72 silly packumentCache corgi:https://registry.npmjs.org/@docusaurus%2fplugin-svgr set size:285033 disposed:false
73 http cache https://registry.npmjs.org/@docusaurus%2fplugin-content-blog 120ms (cache hit)
74 silly packumentCache corgi:https://registry.npmjs.org/@docusaurus%2fplugin-content-blog set size:3902232 disposed:false
75 http cache https://registry.npmjs.org/@docusaurus%2ftheme-classic 136ms (cache hit)
76 silly packumentCache corgi:https://registry.npmjs.org/@docusaurus%2ftheme-classic set size:4762693 disposed:false
77 http cache https://registry.npmjs.org/@docusaurus%2fplugin-google-gtag 154ms (cache hit)
78 silly packumentCache corgi:https://registry.npmjs.org/@docusaurus%2fplugin-google-gtag set size:3046173 disposed:false
79 http cache https://registry.npmjs.org/@docusaurus%2fplugin-debug 169ms (cache hit)
80 silly packumentCache corgi:https://registry.npmjs.org/@docusaurus%2fplugin-debug set size:3063232 disposed:false
81 verbose cwd /Users/pcartee/github/writing-samples/writing-samples
82 verbose os Darwin 25.5.0
83 verbose node v24.19.0
84 verbose npm  v11.17.0
85 verbose exit 0
86 info ok
